// Jest Snapshot v1, https://goo.gl/fbAQLP

exports[`Capital should render 1`] = `
<div>
  <div
    class="MuiBox-root css-0"
    data-testid="capital-Amsterdam"
  >
    Amsterdam
  </div>
</div>
`;
