// Jest Snapshot v1, https://goo.gl/fbAQLP

exports[`Country should render 1`] = `
<div>
  <div
    class="MuiBox-root css-0"
    data-testid="country-Belgium"
  >
    Belgium
  </div>
</div>
`;
