// Jest Snapshot v1, https://goo.gl/fbAQLP

exports[`ItemCard should render 1`] = `
<div>
  <div
    class="MuiPaper-root MuiPaper-elevation MuiPaper-rounded MuiPaper-elevation1 MuiCard-root css-51ttc2-MuiPaper-root-MuiCard-root"
    data-testid="card-Belgium"
  >
    Belgium
  </div>
</div>
`;
